// Jest Snapshot v1, https://goo.gl/fbAQLP

exports[`App has a valid snapshot 1`] = `
<div
  className="page"
>
  <div
    className="interactions m-4 p-3"
  >
    <form
      onSubmit={[Function]}
    >
      <input
        className="searchInput"
        onChange={[Function]}
        placeholder="Search here"
        type="text"
        value="redux"
      />
      <button
        className="searchBtn"
        type="submit"
      >
        Search
      </button>
    </form>
  </div>
  <div
    className="card-columns"
  />
  <div
    className="interactions"
  >
    <button
      className=""
      onClick={[Function]}
      type="button"
    >
      More
    </button>
  </div>
</div>
`;
